[summitcds.myschoolapp.com/app.html]
[backblue.gif]
[fade.gif]
[index.html]
[libs-w2.myschoolapp.com/skylo/skylo.css]
[sky.blackbaudcdn.net/skyux/1.14.0/css/sky-bundle.css]
[src-w2.myschoolapp.com/1.52.18135.1/minify/ui.css]
[libs-w2.myschoolapp.com/headJs/1.0.3.cd/head.min.js]
[summitcds.myschoolapp.com/app.html]
[libs-w2.myschoolapp.com/es6-promise/4.1.1/es6-promise.auto.min.js]
[sky.blackbaudcdn.net/skyux/1.14.0/css/fonts/fontawesome-webfont3e6e.eot]
[sky.blackbaudcdn.net/skyux/1.14.0/css/fonts/fontawesome-webfontd41d.eot]
[sky.blackbaudcdn.net/skyux/1.14.0/css/fonts/fontawesome-webfont3e6e.woff2]
[sky.blackbaudcdn.net/skyux/1.14.0/css/fonts/fontawesome-webfont3e6e.woff]
[sky.blackbaudcdn.net/skyux/1.14.0/css/fonts/fontawesome-webfont3e6e.ttf]
[sky.blackbaudcdn.net/skyux/1.14.0/css/images/flags.png]
[sky.blackbaudcdn.net/skyux/1.14.0/css/images/flags@2x.png]
[sky.blackbaudcdn.net/skyux/1.14.0/css/fonts/BBSKY.eot]
[sky.blackbaudcdn.net/skyux/1.14.0/css/fonts/BBSKY.woff]
[sky.blackbaudcdn.net/skyux/1.14.0/css/fonts/BBSKY.ttf]
[sky.blackbaudcdn.net/skyux/1.14.0/css/sky-bundle.css]
[libs-w2.myschoolapp.com/skylo/skylo.css]
[libs-e1.myschoolapp.com/jqueryui/1.9.2/themes/flick/images/ui-icons_0073ea_256x240.png]
[libs-e1.myschoolapp.com/jqueryui/1.9.2/themes/flick/images/ui-icons_ffffff_256x240.png]
[libs-e1.myschoolapp.com/jqueryui/1.9.2/themes/flick/images/ui-icons_ff0084_256x240.png]
[libs-e1.myschoolapp.com/p3-cache/img/textureDark.png]
[libs-e1.myschoolapp.com/p3-cache/img/backTexture.png]
[libs-e1.myschoolapp.com/p3-cache/img/p3Icons16x16.png]
[libs-e1.myschoolapp.com/p3-cache/img/eventBack.png]
[libs-e1.myschoolapp.com/p3-cache/img/eventBackMini.png]
[libs-e1.myschoolapp.com/p3-cache/img/assessmentHelp.png]
[libs-e1.myschoolapp.com/p3-cache/img/rubric_myday.png]
[libs-e1.myschoolapp.com/p3-cache/img/contactcardtop.png]
[libs-e1.myschoolapp.com/p3-cache/img/contactTop.png]
[libs-e1.myschoolapp.com/p3-cache/img/interviewBack.gif]
[libs-e1.myschoolapp.com/p3-cache/img/modalGrid.png]
[src-w2.myschoolapp.com/1.52.18135.1/minify/ui.css]
[sky.blackbaudcdn.net/skyux/1.14.0/css/fonts/fontawesome-webfont3e6e.svg]
[sky.blackbaudcdn.net/skyux/1.14.0/css/images/broken.svg]
[sky.blackbaudcdn.net/skyux/1.14.0/css/images/construction.svg]
[sky.blackbaudcdn.net/skyux/1.14.0/css/images/notFound.svg]
[sky.blackbaudcdn.net/skyux/1.14.0/css/fonts/BBSKY.svg]
[src-w2.myschoolapp.com/1.52.18135.1/minify/images/error.png]
[src-w2.myschoolapp.com/1.52.18135.1/minify/images/warning.png]
[src-w2.myschoolapp.com/1.52.18135.1/minify/images/success.png]
[src-w2.myschoolapp.com/1.52.18135.1/minify/images/ui-bg_highlight-soft_100_f6f6f6_1x100.png]
